EXIT_CODE: 2
